Archive member included to satisfy reference by file (symbol)

../../lib/libstat.a(Detection.o)
                              main.o (_ZN9DetectionC1Ev)
../../lib/libstat.a(Del.o)    main.o (_ZN3DelC1E4Type)
../../lib/libstat.a(Pwm.o)    main.o (_ZN3PwmC1Ev)
../../lib/libstat.a(Manoeuvre.o)
                              main.o (_ZN9ManoeuvreC1Ev)
../../lib/libstat.a(lcm_so1602dtr_m_fw.o)
                              main.o (_ZN3LCMC1EPVhS1_)
../../lib/libstat.a(lcm_so1602dtr_m.o)
                              ../../lib/libstat.a(lcm_so1602dtr_m_fw.o) (_Z15lcmd_disp_clearPVh)
../../lib/libstat.a(Afficheur7segment.o)
                              ../../lib/libstat.a(Manoeuvre.o) (_ZN17Afficheur7segmentC1Ehh)
../../lib/libstat.a(customprocs.o)
                              ../../lib/libstat.a(lcm_so1602dtr_m_fw.o) (_Z9cp_strlenPKc)
/usr/lib/gcc/avr/9.2.0/avr5/libgcc.a(_udivmodqi4.o)
                              ../../lib/libstat.a(Afficheur7segment.o) (__udivmodqi4)
/usr/lib/gcc/avr/9.2.0/avr5/libgcc.a(_udivmodhi4.o)
                              ../../lib/libstat.a(customprocs.o) (__udivmodhi4)
/usr/lib/gcc/avr/9.2.0/avr5/libgcc.a(_divmodhi4.o)
                              ../../lib/libstat.a(Pwm.o) (__divmodhi4)
/usr/lib/gcc/avr/9.2.0/avr5/libgcc.a(_exit.o)
                              /usr/lib/gcc/avr/9.2.0/../../../../avr/lib/avr5/crtatmega324pa.o (exit)
/usr/lib/gcc/avr/9.2.0/avr5/libgcc.a(_copy_data.o)
                              ../../lib/libstat.a(Detection.o) (__do_copy_data)
/usr/lib/gcc/avr/9.2.0/avr5/libgcc.a(_clear_bss.o)
                              main.o (__do_clear_bss)
/usr/lib/gcc/avr/9.2.0/../../../../avr/lib/avr5/libm.a(cmpsf2.o)
                              ../../lib/libstat.a(Detection.o) (__ltsf2)
/usr/lib/gcc/avr/9.2.0/../../../../avr/lib/avr5/libm.a(divsf3.o)
                              ../../lib/libstat.a(Detection.o) (__divsf3)
/usr/lib/gcc/avr/9.2.0/../../../../avr/lib/avr5/libm.a(divsf3x.o)
                              /usr/lib/gcc/avr/9.2.0/../../../../avr/lib/avr5/libm.a(divsf3.o) (__divsf3x)
/usr/lib/gcc/avr/9.2.0/../../../../avr/lib/avr5/libm.a(floatsisf.o)
                              ../../lib/libstat.a(Detection.o) (__floatsisf)
/usr/lib/gcc/avr/9.2.0/../../../../avr/lib/avr5/libm.a(fp_cmp.o)
                              /usr/lib/gcc/avr/9.2.0/../../../../avr/lib/avr5/libm.a(cmpsf2.o) (__fp_cmp)
/usr/lib/gcc/avr/9.2.0/../../../../avr/lib/avr5/libm.a(fp_inf.o)
                              /usr/lib/gcc/avr/9.2.0/../../../../avr/lib/avr5/libm.a(divsf3x.o) (__fp_inf)
/usr/lib/gcc/avr/9.2.0/../../../../avr/lib/avr5/libm.a(fp_nan.o)
                              /usr/lib/gcc/avr/9.2.0/../../../../avr/lib/avr5/libm.a(divsf3x.o) (__fp_nan)
/usr/lib/gcc/avr/9.2.0/../../../../avr/lib/avr5/libm.a(fp_pscA.o)
                              /usr/lib/gcc/avr/9.2.0/../../../../avr/lib/avr5/libm.a(divsf3x.o) (__fp_pscA)
/usr/lib/gcc/avr/9.2.0/../../../../avr/lib/avr5/libm.a(fp_pscB.o)
                              /usr/lib/gcc/avr/9.2.0/../../../../avr/lib/avr5/libm.a(divsf3x.o) (__fp_pscB)
/usr/lib/gcc/avr/9.2.0/../../../../avr/lib/avr5/libm.a(fp_round.o)
                              /usr/lib/gcc/avr/9.2.0/../../../../avr/lib/avr5/libm.a(divsf3.o) (__fp_round)
/usr/lib/gcc/avr/9.2.0/../../../../avr/lib/avr5/libm.a(fp_split3.o)
                              /usr/lib/gcc/avr/9.2.0/../../../../avr/lib/avr5/libm.a(divsf3x.o) (__fp_split3)
/usr/lib/gcc/avr/9.2.0/../../../../avr/lib/avr5/libm.a(fp_zero.o)
                              /usr/lib/gcc/avr/9.2.0/../../../../avr/lib/avr5/libm.a(divsf3x.o) (__fp_szero)
/usr/lib/gcc/avr/9.2.0/../../../../avr/lib/avr5/libm.a(gesf2.o)
                              ../../lib/libstat.a(Detection.o) (__gesf2)
/usr/lib/gcc/avr/9.2.0/../../../../avr/lib/avr5/libc.a(dtostrf.o)
                              ../../lib/libstat.a(lcm_so1602dtr_m_fw.o) (dtostrf)
/usr/lib/gcc/avr/9.2.0/../../../../avr/lib/avr5/libc.a(malloc.o)
                              ../../lib/libstat.a(lcm_so1602dtr_m_fw.o) (malloc)
/usr/lib/gcc/avr/9.2.0/../../../../avr/lib/avr5/libc.a(sprintf.o)
                              ../../lib/libstat.a(lcm_so1602dtr_m_fw.o) (sprintf)
/usr/lib/gcc/avr/9.2.0/../../../../avr/lib/avr5/libc.a(vfprintf_std.o)
                              /usr/lib/gcc/avr/9.2.0/../../../../avr/lib/avr5/libc.a(sprintf.o) (vfprintf)
/usr/lib/gcc/avr/9.2.0/../../../../avr/lib/avr5/libc.a(dtoa_prf.o)
                              /usr/lib/gcc/avr/9.2.0/../../../../avr/lib/avr5/libc.a(dtostrf.o) (dtoa_prf)
/usr/lib/gcc/avr/9.2.0/../../../../avr/lib/avr5/libc.a(ftoa_engine.o)
                              /usr/lib/gcc/avr/9.2.0/../../../../avr/lib/avr5/libc.a(dtoa_prf.o) (__ftoa_engine)
/usr/lib/gcc/avr/9.2.0/../../../../avr/lib/avr5/libc.a(strnlen_P.o)
                              /usr/lib/gcc/avr/9.2.0/../../../../avr/lib/avr5/libc.a(vfprintf_std.o) (strnlen_P)
/usr/lib/gcc/avr/9.2.0/../../../../avr/lib/avr5/libc.a(strnlen.o)
                              /usr/lib/gcc/avr/9.2.0/../../../../avr/lib/avr5/libc.a(vfprintf_std.o) (strnlen)
/usr/lib/gcc/avr/9.2.0/../../../../avr/lib/avr5/libc.a(fputc.o)
                              /usr/lib/gcc/avr/9.2.0/../../../../avr/lib/avr5/libc.a(vfprintf_std.o) (fputc)
/usr/lib/gcc/avr/9.2.0/../../../../avr/lib/avr5/libc.a(ultoa_invert.o)
                              /usr/lib/gcc/avr/9.2.0/../../../../avr/lib/avr5/libc.a(vfprintf_std.o) (__ultoa_invert)
/usr/lib/gcc/avr/9.2.0/avr5/libgcc.a(_prologue.o)
                              /usr/lib/gcc/avr/9.2.0/../../../../avr/lib/avr5/libc.a(sprintf.o) (__prologue_saves__)
/usr/lib/gcc/avr/9.2.0/avr5/libgcc.a(_epilogue.o)
                              /usr/lib/gcc/avr/9.2.0/../../../../avr/lib/avr5/libc.a(sprintf.o) (__epilogue_restores__)

Allocating common symbols
Common symbol       size              file

__brkval            0x2               /usr/lib/gcc/avr/9.2.0/../../../../avr/lib/avr5/libc.a(malloc.o)
__flp               0x2               /usr/lib/gcc/avr/9.2.0/../../../../avr/lib/avr5/libc.a(malloc.o)

Memory Configuration

Name             Origin             Length             Attributes
text             0x0000000000000000 0x0000000000020000 xr
data             0x0000000000800060 0x000000000000ffa0 rw !x
eeprom           0x0000000000810000 0x0000000000010000 rw !x
fuse             0x0000000000820000 0x0000000000000003 rw !x
lock             0x0000000000830000 0x0000000000000400 rw !x
signature        0x0000000000840000 0x0000000000000400 rw !x
user_signatures  0x0000000000850000 0x0000000000000400 rw !x
*default*        0x0000000000000000 0xffffffffffffffff

Linker script and memory map

Address of section .data set to 0x800100
LOAD /usr/lib/gcc/avr/9.2.0/../../../../avr/lib/avr5/crtatmega324pa.o
LOAD main.o
LOAD /usr/lib/gcc/avr/9.2.0/../../../../avr/lib/avr5/libm.a
LOAD ../../lib/libstat.a
START GROUP
LOAD /usr/lib/gcc/avr/9.2.0/avr5/libgcc.a
LOAD /usr/lib/gcc/avr/9.2.0/../../../../avr/lib/avr5/libm.a
LOAD /usr/lib/gcc/avr/9.2.0/../../../../avr/lib/avr5/libc.a
LOAD /usr/lib/gcc/avr/9.2.0/../../../../avr/lib/avr5/libatmega324pa.a
END GROUP
                0x0000000000020000                __TEXT_REGION_LENGTH__ = DEFINED (__TEXT_REGION_LENGTH__)?__TEXT_REGION_LENGTH__:0x20000
                0x000000000000ffa0                __DATA_REGION_LENGTH__ = DEFINED (__DATA_REGION_LENGTH__)?__DATA_REGION_LENGTH__:0xffa0
                0x0000000000010000                __EEPROM_REGION_LENGTH__ = DEFINED (__EEPROM_REGION_LENGTH__)?__EEPROM_REGION_LENGTH__:0x10000
                [0x0000000000000003]                __FUSE_REGION_LENGTH__ = DEFINED (__FUSE_REGION_LENGTH__)?__FUSE_REGION_LENGTH__:0x400
                0x0000000000000400                __LOCK_REGION_LENGTH__ = DEFINED (__LOCK_REGION_LENGTH__)?__LOCK_REGION_LENGTH__:0x400
                0x0000000000000400                __SIGNATURE_REGION_LENGTH__ = DEFINED (__SIGNATURE_REGION_LENGTH__)?__SIGNATURE_REGION_LENGTH__:0x400
                0x0000000000000400                __USER_SIGNATURE_REGION_LENGTH__ = DEFINED (__USER_SIGNATURE_REGION_LENGTH__)?__USER_SIGNATURE_REGION_LENGTH__:0x400

.hash
 *(.hash)

.dynsym
 *(.dynsym)

.dynstr
 *(.dynstr)

.gnu.version
 *(.gnu.version)

.gnu.version_d
 *(.gnu.version_d)

.gnu.version_r
 *(.gnu.version_r)

.rel.init
 *(.rel.init)

.rela.init
 *(.rela.init)

.rel.text
 *(.rel.text)
 *(.rel.text.*)
 *(.rel.gnu.linkonce.t*)

.rela.text
 *(.rela.text)
 *(.rela.text.*)
 *(.rela.gnu.linkonce.t*)

.rel.fini
 *(.rel.fini)

.rela.fini
 *(.rela.fini)

.rel.rodata
 *(.rel.rodata)
 *(.rel.rodata.*)
 *(.rel.gnu.linkonce.r*)

.rela.rodata
 *(.rela.rodata)
 *(.rela.rodata.*)
 *(.rela.gnu.linkonce.r*)

.rel.data
 *(.rel.data)
 *(.rel.data.*)
 *(.rel.gnu.linkonce.d*)

.rela.data
 *(.rela.data)
 *(.rela.data.*)
 *(.rela.gnu.linkonce.d*)

.rel.ctors
 *(.rel.ctors)

.rela.ctors
 *(.rela.ctors)

.rel.dtors
 *(.rel.dtors)

.rela.dtors
 *(.rela.dtors)

.rel.got
 *(.rel.got)

.rela.got
 *(.rela.got)

.rel.bss
 *(.rel.bss)

.rela.bss
 *(.rela.bss)

.rel.plt
 *(.rel.plt)

.rela.plt
 *(.rela.plt)

.text           0x0000000000000000     0x2b4c
 *(.vectors)
 .vectors       0x0000000000000000       0x7c /usr/lib/gcc/avr/9.2.0/../../../../avr/lib/avr5/crtatmega324pa.o
                0x0000000000000000                __vectors
                0x0000000000000000                __vector_default
 *(.vectors)
 *(.progmem.gcc*)
                0x000000000000007c                . = ALIGN (0x2)
                0x000000000000007c                __trampolines_start = .
 *(.trampolines)
 .trampolines   0x000000000000007c        0x0 linker stubs
 *(.trampolines*)
                0x000000000000007c                __trampolines_end = .
 *libprintf_flt.a:*(.progmem.data)
 *libc.a:*(.progmem.data)
 .progmem.data  0x000000000000007c       0xfa /usr/lib/gcc/avr/9.2.0/../../../../avr/lib/avr5/libc.a(ftoa_engine.o)
 *(.progmem.*)
                0x0000000000000176                . = ALIGN (0x2)
 *(.lowtext)
 *(.lowtext*)
                0x0000000000000176                __ctors_start = .
 *(.ctors)
                0x0000000000000176                __ctors_end = .
                0x0000000000000176                __dtors_start = .
 *(.dtors)
                0x0000000000000176                __dtors_end = .
 SORT_BY_NAME(*)(.ctors)
 SORT_BY_NAME(*)(.dtors)
 *(.init0)
 .init0         0x0000000000000176        0x0 /usr/lib/gcc/avr/9.2.0/../../../../avr/lib/avr5/crtatmega324pa.o
                0x0000000000000176                __init
 *(.init0)
 *(.init1)
 *(.init1)
 *(.init2)
 .init2         0x0000000000000176        0xc /usr/lib/gcc/avr/9.2.0/../../../../avr/lib/avr5/crtatmega324pa.o
 *(.init2)
 *(.init3)
 *(.init3)
 *(.init4)
 .init4         0x0000000000000182       0x16 /usr/lib/gcc/avr/9.2.0/avr5/libgcc.a(_copy_data.o)
                0x0000000000000182                __do_copy_data
 .init4         0x0000000000000198       0x10 /usr/lib/gcc/avr/9.2.0/avr5/libgcc.a(_clear_bss.o)
                0x0000000000000198                __do_clear_bss
 *(.init4)
 *(.init5)
 *(.init5)
 *(.init6)
 *(.init6)
 *(.init7)
 *(.init7)
 *(.init8)
 *(.init8)
 *(.init9)
 .init9         0x00000000000001a8        0x8 /usr/lib/gcc/avr/9.2.0/../../../../avr/lib/avr5/crtatmega324pa.o
 *(.init9)
 *(.text)
 .text          0x00000000000001b0        0x4 /usr/lib/gcc/avr/9.2.0/../../../../avr/lib/avr5/crtatmega324pa.o
                0x00000000000001b0                __vector_22
                0x00000000000001b0                __vector_28
                0x00000000000001b0                __vector_1
                0x00000000000001b0                __vector_24
                0x00000000000001b0                __vector_12
                0x00000000000001b0                __bad_interrupt
                0x00000000000001b0                __vector_6
                0x00000000000001b0                __vector_3
                0x00000000000001b0                __vector_23
                0x00000000000001b0                __vector_30
                0x00000000000001b0                __vector_25
                0x00000000000001b0                __vector_13
                0x00000000000001b0                __vector_17
                0x00000000000001b0                __vector_19
                0x00000000000001b0                __vector_7
                0x00000000000001b0                __vector_27
                0x00000000000001b0                __vector_5
                0x00000000000001b0                __vector_4
                0x00000000000001b0                __vector_9
                0x00000000000001b0                __vector_21
                0x00000000000001b0                __vector_15
                0x00000000000001b0                __vector_29
                0x00000000000001b0                __vector_8
                0x00000000000001b0                __vector_26
                0x00000000000001b0                __vector_14
                0x00000000000001b0                __vector_10
                0x00000000000001b0                __vector_16
                0x00000000000001b0                __vector_18
                0x00000000000001b0                __vector_20
 .text          0x00000000000001b4       0x96 main.o
                0x00000000000001b4                _Z14initialisationv
                0x00000000000001da                _Z13laisserPasseri
                0x00000000000001f8                __vector_2
 .text          0x000000000000024a      0x50c ../../lib/libstat.a(Detection.o)
                0x000000000000024a                _ZN9DetectionC1Ev
                0x000000000000024a                _ZN9DetectionC2Ev
                0x000000000000024c                _ZN9Detection19eteindreComposantesEv
                0x0000000000000258                _ZN9Detection9detecterGEv
                0x0000000000000324                _ZN9Detection9detecterAEv
                0x00000000000003f4                _ZN9Detection9detecterDEv
                0x00000000000004c4                _ZN9Detection14detecterSonarsEv
                0x000000000000051c                _ZN9Detection9comparerGEv
                0x00000000000005a6                _ZN9Detection9comparerAEv
                0x0000000000000632                _ZN9Detection9comparerDEv
                0x00000000000006be                _ZN9Detection8afficherER3LCM
                0x000000000000073e                _ZN9Detection13getCategorieGEv
                0x0000000000000746                _ZN9Detection13getCategorieAEv
                0x000000000000074e                _ZN9Detection13getCategorieDEv
 .text          0x0000000000000756       0x44 ../../lib/libstat.a(Del.o)
                0x0000000000000756                _ZN3DelC1E4Type
                0x0000000000000756                _ZN3DelC2E4Type
                0x000000000000075c                _ZN3Del12allumerRougeEv
                0x0000000000000776                _ZN3Del11allumerVertEv
                0x0000000000000790                _ZN3Del12eteindreDelsEv
 .text          0x000000000000079a       0x72 ../../lib/libstat.a(Pwm.o)
                0x000000000000079a                _ZN3PwmC2Ev
                0x000000000000079a                _ZN3PwmC1Ev
                0x000000000000079c                _ZN3Pwm13ajustementPWMEv
                0x00000000000007ea                _ZN3Pwm11getVitesseGEv
                0x00000000000007f0                _ZN3Pwm11getVitesseDEv
                0x00000000000007f6                _ZN3Pwm11setVitesseGEh
                0x00000000000007fc                _ZN3Pwm11setVitesseDEh
                0x0000000000000802                _ZN3Pwm11eteindrePwmEv
 .text          0x000000000000080c      0x8b6 ../../lib/libstat.a(Manoeuvre.o)
                0x000000000000082a                __vector_11
                0x0000000000000890                _ZN9ManoeuvreC2Ev
                0x0000000000000890                _ZN9ManoeuvreC1Ev
                0x0000000000000892                _ZN9Manoeuvre19trouverNumManoeuvreEPKcS1_S1_
                0x000000000000094e                _ZN9Manoeuvre13laisserPasserEi
                0x000000000000096c                _ZN9Manoeuvre15partirMinuterieEh
                0x0000000000000996                _ZN9Manoeuvre10manoeuvre1ER3PwmR3DelS3_
                0x0000000000000a9c                _ZN9Manoeuvre10manoeuvre2ER3PwmR3DelS3_
                0x0000000000000ba2                _ZN9Manoeuvre10manoeuvre3ER3PwmR3DelS3_
                0x0000000000000cee                _ZN9Manoeuvre10manoeuvre4ER3PwmR3DelS3_
                0x0000000000000e3a                _ZN9Manoeuvre10manoeuvre5ER3PwmR3DelS3_
                0x0000000000000f72                _ZN9Manoeuvre10manoeuvre6ER3PwmR3DelS3_
                0x0000000000001062                _ZN9Manoeuvre18effectuerManoeuvreEhR3PwmR3DelS3_
 .text          0x00000000000010c2      0x6bc ../../lib/libstat.a(lcm_so1602dtr_m_fw.o)
                0x00000000000010c2                _ZN3LCMC1EPVhS1_
                0x00000000000010c2                _ZN3LCMC2EPVhS1_
                0x00000000000010fe                _ZN3LCMD1Ev
                0x00000000000010fe                _ZN3LCMD2Ev
                0x0000000000001108                _ZN3LCM8en_blinkEb
                0x000000000000112a                _ZN3LCM6en_curEb
                0x000000000000114a                _ZN3LCM12set_bc_indexEh
                0x0000000000001166                _ZN3LCM5clearEv
                0x00000000000012aa                _ZN3LCM5writeEPKchb
                0x00000000000012c0                _ZN3LCM3putEc
                0x00000000000012ee                _ZN3LCM8build_ccEhPKh
                0x0000000000001340                _ZN3LCMlsEPKc
                0x0000000000001360                _ZN3LCMlsEj
                0x000000000000139c                _ZN3LCMlsEi
                0x00000000000013d8                _ZN3LCMlsEc
                0x0000000000001414                _ZN3LCMaSEPKc
                0x000000000000144a                _ZN3LCMixEh
                0x000000000000145a                _ZN3LCMmIEh
                0x0000000000001494                _ZN3LCM19affichageCatetDist2EPKcS1_S1_S1_
                0x000000000000156e                _ZN3LCM17afficherDetectionEdddPKcS1_S1_
                0x00000000000016d8                _ZN3LCM17afficherManoeuvreEh
                0x000000000000174e                _ZN3LCM23afficherAucuneManoeuvreEv
 .text          0x000000000000177e      0x1ee ../../lib/libstat.a(lcm_so1602dtr_m.o)
                0x0000000000001810                _Z15lcmd_disp_clearPVh
                0x000000000000181c                _Z14lcmd_disp_homePVh
                0x0000000000001828                _Z13lcmd_entry_smhhPVh
                0x0000000000001838                _Z16lcmd_disp_on_offhhhPVh
                0x0000000000001850                _Z19lcmd_disp_cur_shifthhPVh
                0x000000000000186e                _Z13lcmd_func_sethhPVh
                0x000000000000188c                _Z17lcmd_cgr_set_addrhPVh
                0x000000000000189c                _Z17lcmd_ddr_set_addrhPVh
                0x00000000000018aa                _Z10lcmd_writehPVh
                0x00000000000018b6                _Z14lcmd_init_4bitPVhS0_
 .text          0x000000000000196c       0xdc ../../lib/libstat.a(Afficheur7segment.o)
                0x000000000000196c                _ZN17Afficheur7segment14obtenirChiffreEh
                0x0000000000001980                _ZN17Afficheur7segment8afficherEv
                0x0000000000001a3e                _ZN17Afficheur7segmentC2Ehh
                0x0000000000001a3e                _ZN17Afficheur7segmentC1Ehh
 .text          0x0000000000001a48       0x9e ../../lib/libstat.a(customprocs.o)
                0x0000000000001a48                _Z9cp_strlenPKc
                0x0000000000001a5e                _Z7cp_itoaPcjh
                0x0000000000001ac8                _Z10cp_wait_msj
 .text          0x0000000000001ae6        0x0 /usr/lib/gcc/avr/9.2.0/avr5/libgcc.a(_udivmodqi4.o)
 .text          0x0000000000001ae6        0x0 /usr/lib/gcc/avr/9.2.0/avr5/libgcc.a(_udivmodhi4.o)
 .text          0x0000000000001ae6        0x0 /usr/lib/gcc/avr/9.2.0/avr5/libgcc.a(_divmodhi4.o)
 .text          0x0000000000001ae6        0x0 /usr/lib/gcc/avr/9.2.0/avr5/libgcc.a(_exit.o)
 .text          0x0000000000001ae6        0x0 /usr/lib/gcc/avr/9.2.0/avr5/libgcc.a(_copy_data.o)
 .text          0x0000000000001ae6        0x0 /usr/lib/gcc/avr/9.2.0/avr5/libgcc.a(_clear_bss.o)
 .text          0x0000000000001ae6        0x0 /usr/lib/gcc/avr/9.2.0/../../../../avr/lib/avr5/libm.a(cmpsf2.o)
 .text          0x0000000000001ae6        0x0 /usr/lib/gcc/avr/9.2.0/../../../../avr/lib/avr5/libm.a(divsf3.o)
 .text          0x0000000000001ae6        0x0 /usr/lib/gcc/avr/9.2.0/../../../../avr/lib/avr5/libm.a(divsf3x.o)
 .text          0x0000000000001ae6        0x0 /usr/lib/gcc/avr/9.2.0/../../../../avr/lib/avr5/libm.a(floatsisf.o)
 .text          0x0000000000001ae6        0x0 /usr/lib/gcc/avr/9.2.0/../../../../avr/lib/avr5/libm.a(fp_cmp.o)
 .text          0x0000000000001ae6        0x0 /usr/lib/gcc/avr/9.2.0/../../../../avr/lib/avr5/libm.a(fp_inf.o)
 .text          0x0000000000001ae6        0x0 /usr/lib/gcc/avr/9.2.0/../../../../avr/lib/avr5/libm.a(fp_nan.o)
 .text          0x0000000000001ae6        0x0 /usr/lib/gcc/avr/9.2.0/../../../../avr/lib/avr5/libm.a(fp_pscA.o)
 .text          0x0000000000001ae6        0x0 /usr/lib/gcc/avr/9.2.0/../../../../avr/lib/avr5/libm.a(fp_pscB.o)
 .text          0x0000000000001ae6        0x0 /usr/lib/gcc/avr/9.2.0/../../../../avr/lib/avr5/libm.a(fp_round.o)
 .text          0x0000000000001ae6        0x0 /usr/lib/gcc/avr/9.2.0/../../../../avr/lib/avr5/libm.a(fp_split3.o)
 .text          0x0000000000001ae6        0x0 /usr/lib/gcc/avr/9.2.0/../../../../avr/lib/avr5/libm.a(fp_zero.o)
 .text          0x0000000000001ae6        0x0 /usr/lib/gcc/avr/9.2.0/../../../../avr/lib/avr5/libm.a(gesf2.o)
 .text          0x0000000000001ae6        0x0 /usr/lib/gcc/avr/9.2.0/../../../../avr/lib/avr5/libc.a(dtostrf.o)
 .text          0x0000000000001ae6        0x0 /usr/lib/gcc/avr/9.2.0/../../../../avr/lib/avr5/libc.a(malloc.o)
 .text          0x0000000000001ae6        0x0 /usr/lib/gcc/avr/9.2.0/../../../../avr/lib/avr5/libc.a(sprintf.o)
 .text          0x0000000000001ae6        0x0 /usr/lib/gcc/avr/9.2.0/../../../../avr/lib/avr5/libc.a(vfprintf_std.o)
 .text          0x0000000000001ae6        0x0 /usr/lib/gcc/avr/9.2.0/../../../../avr/lib/avr5/libc.a(dtoa_prf.o)
 .text          0x0000000000001ae6        0x0 /usr/lib/gcc/avr/9.2.0/../../../../avr/lib/avr5/libc.a(ftoa_engine.o)
 .text          0x0000000000001ae6        0x0 /usr/lib/gcc/avr/9.2.0/../../../../avr/lib/avr5/libc.a(strnlen_P.o)
 .text          0x0000000000001ae6        0x0 /usr/lib/gcc/avr/9.2.0/../../../../avr/lib/avr5/libc.a(strnlen.o)
 .text          0x0000000000001ae6        0x0 /usr/lib/gcc/avr/9.2.0/../../../../avr/lib/avr5/libc.a(fputc.o)
 .text          0x0000000000001ae6        0x0 /usr/lib/gcc/avr/9.2.0/../../../../avr/lib/avr5/libc.a(ultoa_invert.o)
 .text          0x0000000000001ae6        0x0 /usr/lib/gcc/avr/9.2.0/avr5/libgcc.a(_prologue.o)
 .text          0x0000000000001ae6        0x0 /usr/lib/gcc/avr/9.2.0/avr5/libgcc.a(_epilogue.o)
                0x0000000000001ae6                . = ALIGN (0x2)
 *(.text.*)
 .text.startup  0x0000000000001ae6       0xfa main.o
                0x0000000000001ae6                main
 .text.libgcc.mul
                0x0000000000001be0        0x0 /usr/lib/gcc/avr/9.2.0/avr5/libgcc.a(_udivmodqi4.o)
 .text.libgcc.div
                0x0000000000001be0       0x18 /usr/lib/gcc/avr/9.2.0/avr5/libgcc.a(_udivmodqi4.o)
                0x0000000000001be0                __udivmodqi4
 .text.libgcc   0x0000000000001bf8        0x0 /usr/lib/gcc/avr/9.2.0/avr5/libgcc.a(_udivmodqi4.o)
 .text.libgcc.prologue
                0x0000000000001bf8        0x0 /usr/lib/gcc/avr/9.2.0/avr5/libgcc.a(_udivmodqi4.o)
 .text.libgcc.builtins
                0x0000000000001bf8        0x0 /usr/lib/gcc/avr/9.2.0/avr5/libgcc.a(_udivmodqi4.o)
 .text.libgcc.fmul
                0x0000000000001bf8        0x0 /usr/lib/gcc/avr/9.2.0/avr5/libgcc.a(_udivmodqi4.o)
 .text.libgcc.fixed
                0x0000000000001bf8        0x0 /usr/lib/gcc/avr/9.2.0/avr5/libgcc.a(_udivmodqi4.o)
 .text.libgcc.mul
                0x0000000000001bf8        0x0 /usr/lib/gcc/avr/9.2.0/avr5/libgcc.a(_udivmodhi4.o)
 .text.libgcc.div
                0x0000000000001bf8       0x28 /usr/lib/gcc/avr/9.2.0/avr5/libgcc.a(_udivmodhi4.o)
                0x0000000000001bf8                __udivmodhi4
 .text.libgcc   0x0000000000001c20        0x0 /usr/lib/gcc/avr/9.2.0/avr5/libgcc.a(_udivmodhi4.o)
 .text.libgcc.prologue
                0x0000000000001c20        0x0 /usr/lib/gcc/avr/9.2.0/avr5/libgcc.a(_udivmodhi4.o)
 .text.libgcc.builtins
                0x0000000000001c20        0x0 /usr/lib/gcc/avr/9.2.0/avr5/libgcc.a(_udivmodhi4.o)
 .text.libgcc.fmul
                0x0000000000001c20        0x0 /usr/lib/gcc/avr/9.2.0/avr5/libgcc.a(_udivmodhi4.o)
 .text.libgcc.fixed
                0x0000000000001c20        0x0 /usr/lib/gcc/avr/9.2.0/avr5/libgcc.a(_udivmodhi4.o)
 .text.libgcc.mul
                0x0000000000001c20        0x0 /usr/lib/gcc/avr/9.2.0/avr5/libgcc.a(_divmodhi4.o)
 .text.libgcc.div
                0x0000000000001c20       0x28 /usr/lib/gcc/avr/9.2.0/avr5/libgcc.a(_divmodhi4.o)
                0x0000000000001c20                __divmodhi4
                0x0000000000001c20                _div
 .text.libgcc   0x0000000000001c48        0x0 /usr/lib/gcc/avr/9.2.0/avr5/libgcc.a(_divmodhi4.o)
 .text.libgcc.prologue
                0x0000000000001c48        0x0 /usr/lib/gcc/avr/9.2.0/avr5/libgcc.a(_divmodhi4.o)
 .text.libgcc.builtins
                0x0000000000001c48        0x0 /usr/lib/gcc/avr/9.2.0/avr5/libgcc.a(_divmodhi4.o)
 .text.libgcc.fmul
                0x0000000000001c48        0x0 /usr/lib/gcc/avr/9.2.0/avr5/libgcc.a(_divmodhi4.o)
 .text.libgcc.fixed
                0x0000000000001c48        0x0 /usr/lib/gcc/avr/9.2.0/avr5/libgcc.a(_divmodhi4.o)
 .text.libgcc.mul
                0x0000000000001c48        0x0 /usr/lib/gcc/avr/9.2.0/avr5/libgcc.a(_exit.o)
 .text.libgcc.div
                0x0000000000001c48        0x0 /usr/lib/gcc/avr/9.2.0/avr5/libgcc.a(_exit.o)
 .text.libgcc   0x0000000000001c48        0x0 /usr/lib/gcc/avr/9.2.0/avr5/libgcc.a(_exit.o)
 .text.libgcc.prologue
                0x0000000000001c48        0x0 /usr/lib/gcc/avr/9.2.0/avr5/libgcc.a(_exit.o)
 .text.libgcc.builtins
                0x0000000000001c48        0x0 /usr/lib/gcc/avr/9.2.0/avr5/libgcc.a(_exit.o)
 .text.libgcc.fmul
                0x0000000000001c48        0x0 /usr/lib/gcc/avr/9.2.0/avr5/libgcc.a(_exit.o)
 .text.libgcc.fixed
                0x0000000000001c48        0x0 /usr/lib/gcc/avr/9.2.0/avr5/libgcc.a(_exit.o)
 .text.libgcc.mul
                0x0000000000001c48        0x0 /usr/lib/gcc/avr/9.2.0/avr5/libgcc.a(_copy_data.o)
 .text.libgcc.div
                0x0000000000001c48        0x0 /usr/lib/gcc/avr/9.2.0/avr5/libgcc.a(_copy_data.o)
 .text.libgcc   0x0000000000001c48        0x0 /usr/lib/gcc/avr/9.2.0/avr5/libgcc.a(_copy_data.o)
 .text.libgcc.prologue
                0x0000000000001c48        0x0 /usr/lib/gcc/avr/9.2.0/avr5/libgcc.a(_copy_data.o)
 .text.libgcc.builtins
                0x0000000000001c48        0x0 /usr/lib/gcc/avr/9.2.0/avr5/libgcc.a(_copy_data.o)
 .text.libgcc.fmul
                0x0000000000001c48        0x0 /usr/lib/gcc/avr/9.2.0/avr5/libgcc.a(_copy_data.o)
 .text.libgcc.fixed
                0x0000000000001c48        0x0 /usr/lib/gcc/avr/9.2.0/avr5/libgcc.a(_copy_data.o)
 .text.libgcc.mul
                0x0000000000001c48        0x0 /usr/lib/gcc/avr/9.2.0/avr5/libgcc.a(_clear_bss.o)
 .text.libgcc.div
                0x0000000000001c48        0x0 /usr/lib/gcc/avr/9.2.0/avr5/libgcc.a(_clear_bss.o)
 .text.libgcc   0x0000000000001c48        0x0 /usr/lib/gcc/avr/9.2.0/avr5/libgcc.a(_clear_bss.o)
 .text.libgcc.prologue
                0x0000000000001c48        0x0 /usr/lib/gcc/avr/9.2.0/avr5/libgcc.a(_clear_bss.o)
 .text.libgcc.builtins
                0x0000000000001c48        0x0 /usr/lib/gcc/avr/9.2.0/avr5/libgcc.a(_clear_bss.o)
 .text.libgcc.fmul
                0x0000000000001c48        0x0 /usr/lib/gcc/avr/9.2.0/avr5/libgcc.a(_clear_bss.o)
 .text.libgcc.fixed
                0x0000000000001c48        0x0 /usr/lib/gcc/avr/9.2.0/avr5/libgcc.a(_clear_bss.o)
 .text.avr-libc.fplib
                0x0000000000001c48        0xa /usr/lib/gcc/avr/9.2.0/../../../../avr/lib/avr5/libm.a(cmpsf2.o)
                0x0000000000001c48                __lesf2
                0x0000000000001c48                __nesf2
                0x0000000000001c48                __eqsf2
                0x0000000000001c48                __cmpsf2
                0x0000000000001c48                __ltsf2
 .text.avr-libc.fplib
                0x0000000000001c52        0x8 /usr/lib/gcc/avr/9.2.0/../../../../avr/lib/avr5/libm.a(divsf3.o)
                0x0000000000001c52                __divsf3
 .text.avr-libc.fplib
                0x0000000000001c5a       0xdc /usr/lib/gcc/avr/9.2.0/../../../../avr/lib/avr5/libm.a(divsf3x.o)
                0x0000000000001c7a                __divsf3x
                0x0000000000001c80                __divsf3_pse
 .text.avr-libc.fplib
                0x0000000000001d36       0x7a /usr/lib/gcc/avr/9.2.0/../../../../avr/lib/avr5/libm.a(floatsisf.o)
                0x0000000000001d36                __floatunsisf
                0x0000000000001d3a                __floatsisf
 .text.avr-libc.fplib
                0x0000000000001db0       0x48 /usr/lib/gcc/avr/9.2.0/../../../../avr/lib/avr5/libm.a(fp_cmp.o)
                0x0000000000001db0                __fp_cmp
 .text.avr-libc.fplib
                0x0000000000001df8        0xc /usr/lib/gcc/avr/9.2.0/../../../../avr/lib/avr5/libm.a(fp_inf.o)
                0x0000000000001df8                __fp_inf
 .text.avr-libc.fplib
                0x0000000000001e04        0x6 /usr/lib/gcc/avr/9.2.0/../../../../avr/lib/avr5/libm.a(fp_nan.o)
                0x0000000000001e04                __fp_nan
 .text.avr-libc.fplib
                0x0000000000001e0a        0xe /usr/lib/gcc/avr/9.2.0/../../../../avr/lib/avr5/libm.a(fp_pscA.o)
                0x0000000000001e0a                __fp_pscA
 .text.avr-libc.fplib
                0x0000000000001e18        0xe /usr/lib/gcc/avr/9.2.0/../../../../avr/lib/avr5/libm.a(fp_pscB.o)
                0x0000000000001e18                __fp_pscB
 .text.avr-libc.fplib
                0x0000000000001e26       0x22 /usr/lib/gcc/avr/9.2.0/../../../../avr/lib/avr5/libm.a(fp_round.o)
                0x0000000000001e26                __fp_round
 .text.avr-libc.fplib
                0x0000000000001e48       0x44 /usr/lib/gcc/avr/9.2.0/../../../../avr/lib/avr5/libm.a(fp_split3.o)
                0x0000000000001e48                __fp_split3
                0x0000000000001e58                __fp_splitA
 .text.avr-libc.fplib
                0x0000000000001e8c        0xe /usr/lib/gcc/avr/9.2.0/../../../../avr/lib/avr5/libm.a(fp_zero.o)
                0x0000000000001e8c                __fp_zero
                0x0000000000001e8e                __fp_szero
 .text.avr-libc.fplib
                0x0000000000001e9a        0xa /usr/lib/gcc/avr/9.2.0/../../../../avr/lib/avr5/libm.a(gesf2.o)
                0x0000000000001e9a                __gtsf2
                0x0000000000001e9a                __gesf2
 .text.avr-libc
                0x0000000000001ea4       0x3c /usr/lib/gcc/avr/9.2.0/../../../../avr/lib/avr5/libc.a(dtostrf.o)
                0x0000000000001ea4                dtostrf
 .text.avr-libc
                0x0000000000001ee0      0x24a /usr/lib/gcc/avr/9.2.0/../../../../avr/lib/avr5/libc.a(malloc.o)
                0x0000000000001ee0                malloc
                0x0000000000002018                free
 .text.avr-libc
                0x000000000000212a       0x46 /usr/lib/gcc/avr/9.2.0/../../../../avr/lib/avr5/libc.a(sprintf.o)
                0x000000000000212a                sprintf
 .text.avr-libc
                0x0000000000002170      0x3b4 /usr/lib/gcc/avr/9.2.0/../../../../avr/lib/avr5/libc.a(vfprintf_std.o)
                0x0000000000002170                vfprintf
 .text.avr-libc
                0x0000000000002524      0x2be /usr/lib/gcc/avr/9.2.0/../../../../avr/lib/avr5/libc.a(dtoa_prf.o)
                0x0000000000002524                dtoa_prf
 .text.avr-libc
                0x00000000000027e2      0x1b0 /usr/lib/gcc/avr/9.2.0/../../../../avr/lib/avr5/libc.a(ftoa_engine.o)
                0x00000000000027e2                __ftoa_engine
 .text.avr-libc
                0x0000000000002992       0x16 /usr/lib/gcc/avr/9.2.0/../../../../avr/lib/avr5/libc.a(strnlen_P.o)
                0x0000000000002992                strnlen_P
 .text.avr-libc
                0x00000000000029a8       0x16 /usr/lib/gcc/avr/9.2.0/../../../../avr/lib/avr5/libc.a(strnlen.o)
                0x00000000000029a8                strnlen
 .text.avr-libc
                0x00000000000029be       0x60 /usr/lib/gcc/avr/9.2.0/../../../../avr/lib/avr5/libc.a(fputc.o)
                0x00000000000029be                fputc
 .text.avr-libc
                0x0000000000002a1e       0xbc /usr/lib/gcc/avr/9.2.0/../../../../avr/lib/avr5/libc.a(ultoa_invert.o)
                0x0000000000002a1e                __ultoa_invert
 .text.libgcc.mul
                0x0000000000002ada        0x0 /usr/lib/gcc/avr/9.2.0/avr5/libgcc.a(_prologue.o)
 .text.libgcc.div
                0x0000000000002ada        0x0 /usr/lib/gcc/avr/9.2.0/avr5/libgcc.a(_prologue.o)
 .text.libgcc   0x0000000000002ada        0x0 /usr/lib/gcc/avr/9.2.0/avr5/libgcc.a(_prologue.o)
 .text.libgcc.prologue
                0x0000000000002ada       0x38 /usr/lib/gcc/avr/9.2.0/avr5/libgcc.a(_prologue.o)
                0x0000000000002ada                __prologue_saves__
 .text.libgcc.builtins
                0x0000000000002b12        0x0 /usr/lib/gcc/avr/9.2.0/avr5/libgcc.a(_prologue.o)
 .text.libgcc.fmul
                0x0000000000002b12        0x0 /usr/lib/gcc/avr/9.2.0/avr5/libgcc.a(_prologue.o)
 .text.libgcc.fixed
                0x0000000000002b12        0x0 /usr/lib/gcc/avr/9.2.0/avr5/libgcc.a(_prologue.o)
 .text.libgcc.mul
                0x0000000000002b12        0x0 /usr/lib/gcc/avr/9.2.0/avr5/libgcc.a(_epilogue.o)
 .text.libgcc.div
                0x0000000000002b12        0x0 /usr/lib/gcc/avr/9.2.0/avr5/libgcc.a(_epilogue.o)
 .text.libgcc   0x0000000000002b12        0x0 /usr/lib/gcc/avr/9.2.0/avr5/libgcc.a(_epilogue.o)
 .text.libgcc.prologue
                0x0000000000002b12       0x36 /usr/lib/gcc/avr/9.2.0/avr5/libgcc.a(_epilogue.o)
                0x0000000000002b12                __epilogue_restores__
 .text.libgcc.builtins
                0x0000000000002b48        0x0 /usr/lib/gcc/avr/9.2.0/avr5/libgcc.a(_epilogue.o)
 .text.libgcc.fmul
                0x0000000000002b48        0x0 /usr/lib/gcc/avr/9.2.0/avr5/libgcc.a(_epilogue.o)
 .text.libgcc.fixed
                0x0000000000002b48        0x0 /usr/lib/gcc/avr/9.2.0/avr5/libgcc.a(_epilogue.o)
                0x0000000000002b48                . = ALIGN (0x2)
 *(.fini9)
 .fini9         0x0000000000002b48        0x0 /usr/lib/gcc/avr/9.2.0/avr5/libgcc.a(_exit.o)
                0x0000000000002b48                exit
                0x0000000000002b48                _exit
 *(.fini9)
 *(.fini8)
 *(.fini8)
 *(.fini7)
 *(.fini7)
 *(.fini6)
 *(.fini6)
 *(.fini5)
 *(.fini5)
 *(.fini4)
 *(.fini4)
 *(.fini3)
 *(.fini3)
 *(.fini2)
 *(.fini2)
 *(.fini1)
 *(.fini1)
 *(.fini0)
 .fini0         0x0000000000002b48        0x4 /usr/lib/gcc/avr/9.2.0/avr5/libgcc.a(_exit.o)
 *(.fini0)
 *(.hightext)
 *(.hightext*)
 *(.progmemx.*)
                0x0000000000002b4c                . = ALIGN (0x2)
 *(.jumptables)
 *(.jumptables*)
                0x0000000000002b4c                _etext = .

.data           0x0000000000800100       0x64 load address 0x0000000000002b4c
                0x0000000000800100                PROVIDE (__data_start = .)
 *(.data)
 .data          0x0000000000800100        0x0 /usr/lib/gcc/avr/9.2.0/../../../../avr/lib/avr5/crtatmega324pa.o
 .data          0x0000000000800100        0x0 main.o
 .data          0x0000000000800100        0x0 ../../lib/libstat.a(Detection.o)
 .data          0x0000000000800100        0x0 ../../lib/libstat.a(Del.o)
 .data          0x0000000000800100        0x0 ../../lib/libstat.a(Pwm.o)
 .data          0x0000000000800100        0x0 ../../lib/libstat.a(Manoeuvre.o)
 .data          0x0000000000800100        0x0 ../../lib/libstat.a(lcm_so1602dtr_m_fw.o)
 .data          0x0000000000800100        0x0 ../../lib/libstat.a(lcm_so1602dtr_m.o)
 .data          0x0000000000800100        0x0 ../../lib/libstat.a(Afficheur7segment.o)
 .data          0x0000000000800100        0x0 ../../lib/libstat.a(customprocs.o)
 .data          0x0000000000800100        0x0 /usr/lib/gcc/avr/9.2.0/avr5/libgcc.a(_udivmodqi4.o)
 .data          0x0000000000800100        0x0 /usr/lib/gcc/avr/9.2.0/avr5/libgcc.a(_udivmodhi4.o)
 .data          0x0000000000800100        0x0 /usr/lib/gcc/avr/9.2.0/avr5/libgcc.a(_divmodhi4.o)
 .data          0x0000000000800100        0x0 /usr/lib/gcc/avr/9.2.0/avr5/libgcc.a(_exit.o)
 .data          0x0000000000800100        0x0 /usr/lib/gcc/avr/9.2.0/avr5/libgcc.a(_copy_data.o)
 .data          0x0000000000800100        0x0 /usr/lib/gcc/avr/9.2.0/avr5/libgcc.a(_clear_bss.o)
 .data          0x0000000000800100        0x0 /usr/lib/gcc/avr/9.2.0/../../../../avr/lib/avr5/libm.a(cmpsf2.o)
 .data          0x0000000000800100        0x0 /usr/lib/gcc/avr/9.2.0/../../../../avr/lib/avr5/libm.a(divsf3.o)
 .data          0x0000000000800100        0x0 /usr/lib/gcc/avr/9.2.0/../../../../avr/lib/avr5/libm.a(divsf3x.o)
 .data          0x0000000000800100        0x0 /usr/lib/gcc/avr/9.2.0/../../../../avr/lib/avr5/libm.a(floatsisf.o)
 .data          0x0000000000800100        0x0 /usr/lib/gcc/avr/9.2.0/../../../../avr/lib/avr5/libm.a(fp_cmp.o)
 .data          0x0000000000800100        0x0 /usr/lib/gcc/avr/9.2.0/../../../../avr/lib/avr5/libm.a(fp_inf.o)
 .data          0x0000000000800100        0x0 /usr/lib/gcc/avr/9.2.0/../../../../avr/lib/avr5/libm.a(fp_nan.o)
 .data          0x0000000000800100        0x0 /usr/lib/gcc/avr/9.2.0/../../../../avr/lib/avr5/libm.a(fp_pscA.o)
 .data          0x0000000000800100        0x0 /usr/lib/gcc/avr/9.2.0/../../../../avr/lib/avr5/libm.a(fp_pscB.o)
 .data          0x0000000000800100        0x0 /usr/lib/gcc/avr/9.2.0/../../../../avr/lib/avr5/libm.a(fp_round.o)
 .data          0x0000000000800100        0x0 /usr/lib/gcc/avr/9.2.0/../../../../avr/lib/avr5/libm.a(fp_split3.o)
 .data          0x0000000000800100        0x0 /usr/lib/gcc/avr/9.2.0/../../../../avr/lib/avr5/libm.a(fp_zero.o)
 .data          0x0000000000800100        0x0 /usr/lib/gcc/avr/9.2.0/../../../../avr/lib/avr5/libm.a(gesf2.o)
 .data          0x0000000000800100        0x0 /usr/lib/gcc/avr/9.2.0/../../../../avr/lib/avr5/libc.a(dtostrf.o)
 .data          0x0000000000800100        0x6 /usr/lib/gcc/avr/9.2.0/../../../../avr/lib/avr5/libc.a(malloc.o)
                0x0000000000800100                __malloc_heap_end
                0x0000000000800102                __malloc_heap_start
                0x0000000000800104                __malloc_margin
 .data          0x0000000000800106        0x0 /usr/lib/gcc/avr/9.2.0/../../../../avr/lib/avr5/libc.a(sprintf.o)
 .data          0x0000000000800106        0x0 /usr/lib/gcc/avr/9.2.0/../../../../avr/lib/avr5/libc.a(vfprintf_std.o)
 .data          0x0000000000800106        0x0 /usr/lib/gcc/avr/9.2.0/../../../../avr/lib/avr5/libc.a(dtoa_prf.o)
 .data          0x0000000000800106        0x0 /usr/lib/gcc/avr/9.2.0/../../../../avr/lib/avr5/libc.a(ftoa_engine.o)
 .data          0x0000000000800106        0x0 /usr/lib/gcc/avr/9.2.0/../../../../avr/lib/avr5/libc.a(strnlen_P.o)
 .data          0x0000000000800106        0x0 /usr/lib/gcc/avr/9.2.0/../../../../avr/lib/avr5/libc.a(strnlen.o)
 .data          0x0000000000800106        0x0 /usr/lib/gcc/avr/9.2.0/../../../../avr/lib/avr5/libc.a(fputc.o)
 .data          0x0000000000800106        0x0 /usr/lib/gcc/avr/9.2.0/../../../../avr/lib/avr5/libc.a(ultoa_invert.o)
 .data          0x0000000000800106        0x0 /usr/lib/gcc/avr/9.2.0/avr5/libgcc.a(_prologue.o)
 .data          0x0000000000800106        0x0 /usr/lib/gcc/avr/9.2.0/avr5/libgcc.a(_epilogue.o)
 *(.data*)
 *(.gnu.linkonce.d*)
 *(.rodata)
 .rodata        0x0000000000800106        0x4 ../../lib/libstat.a(lcm_so1602dtr_m_fw.o)
 .rodata        0x000000000080010a        0xa ../../lib/libstat.a(Afficheur7segment.o)
 *(.rodata*)
 .rodata.str1.1
                0x0000000000800114        0xd ../../lib/libstat.a(Detection.o)
 .rodata.str1.1
                0x0000000000800121        0xd ../../lib/libstat.a(Manoeuvre.o)
 .rodata.str1.1
                0x0000000000800121       0x31 ../../lib/libstat.a(lcm_so1602dtr_m_fw.o)
                                         0x34 (size before relaxing)
 .rodata.str1.1
                0x0000000000800152       0x11 ../../lib/libstat.a(customprocs.o)
 *(.gnu.linkonce.r*)
                0x0000000000800164                . = ALIGN (0x2)
 *fill*         0x0000000000800163        0x1 
                0x0000000000800164                _edata = .
                0x0000000000800164                PROVIDE (__data_end = .)

.bss            0x0000000000800164        0xc
                0x0000000000800164                PROVIDE (__bss_start = .)
 *(.bss)
 .bss           0x0000000000800164        0x0 /usr/lib/gcc/avr/9.2.0/../../../../avr/lib/avr5/crtatmega324pa.o
 .bss           0x0000000000800164        0x4 main.o
                0x0000000000800164                enModeDetection
 .bss           0x0000000000800168        0x0 ../../lib/libstat.a(Detection.o)
 .bss           0x0000000000800168        0x0 ../../lib/libstat.a(Del.o)
 .bss           0x0000000000800168        0x0 ../../lib/libstat.a(Pwm.o)
 .bss           0x0000000000800168        0x3 ../../lib/libstat.a(Manoeuvre.o)
 .bss           0x000000000080016b        0x0 ../../lib/libstat.a(lcm_so1602dtr_m_fw.o)
 .bss           0x000000000080016b        0x0 ../../lib/libstat.a(lcm_so1602dtr_m.o)
 .bss           0x000000000080016b        0x1 ../../lib/libstat.a(Afficheur7segment.o)
 .bss           0x000000000080016c        0x0 ../../lib/libstat.a(customprocs.o)
 .bss           0x000000000080016c        0x0 /usr/lib/gcc/avr/9.2.0/avr5/libgcc.a(_udivmodqi4.o)
 .bss           0x000000000080016c        0x0 /usr/lib/gcc/avr/9.2.0/avr5/libgcc.a(_udivmodhi4.o)
 .bss           0x000000000080016c        0x0 /usr/lib/gcc/avr/9.2.0/avr5/libgcc.a(_divmodhi4.o)
 .bss           0x000000000080016c        0x0 /usr/lib/gcc/avr/9.2.0/avr5/libgcc.a(_exit.o)
 .bss           0x000000000080016c        0x0 /usr/lib/gcc/avr/9.2.0/avr5/libgcc.a(_copy_data.o)
 .bss           0x000000000080016c        0x0 /usr/lib/gcc/avr/9.2.0/avr5/libgcc.a(_clear_bss.o)
 .bss           0x000000000080016c        0x0 /usr/lib/gcc/avr/9.2.0/../../../../avr/lib/avr5/libm.a(cmpsf2.o)
 .bss           0x000000000080016c        0x0 /usr/lib/gcc/avr/9.2.0/../../../../avr/lib/avr5/libm.a(divsf3.o)
 .bss           0x000000000080016c        0x0 /usr/lib/gcc/avr/9.2.0/../../../../avr/lib/avr5/libm.a(divsf3x.o)
 .bss           0x000000000080016c        0x0 /usr/lib/gcc/avr/9.2.0/../../../../avr/lib/avr5/libm.a(floatsisf.o)
 .bss           0x000000000080016c        0x0 /usr/lib/gcc/avr/9.2.0/../../../../avr/lib/avr5/libm.a(fp_cmp.o)
 .bss           0x000000000080016c        0x0 /usr/lib/gcc/avr/9.2.0/../../../../avr/lib/avr5/libm.a(fp_inf.o)
 .bss           0x000000000080016c        0x0 /usr/lib/gcc/avr/9.2.0/../../../../avr/lib/avr5/libm.a(fp_nan.o)
 .bss           0x000000000080016c        0x0 /usr/lib/gcc/avr/9.2.0/../../../../avr/lib/avr5/libm.a(fp_pscA.o)
 .bss           0x000000000080016c        0x0 /usr/lib/gcc/avr/9.2.0/../../../../avr/lib/avr5/libm.a(fp_pscB.o)
 .bss           0x000000000080016c        0x0 /usr/lib/gcc/avr/9.2.0/../../../../avr/lib/avr5/libm.a(fp_round.o)
 .bss           0x000000000080016c        0x0 /usr/lib/gcc/avr/9.2.0/../../../../avr/lib/avr5/libm.a(fp_split3.o)
 .bss           0x000000000080016c        0x0 /usr/lib/gcc/avr/9.2.0/../../../../avr/lib/avr5/libm.a(fp_zero.o)
 .bss           0x000000000080016c        0x0 /usr/lib/gcc/avr/9.2.0/../../../../avr/lib/avr5/libm.a(gesf2.o)
 .bss           0x000000000080016c        0x0 /usr/lib/gcc/avr/9.2.0/../../../../avr/lib/avr5/libc.a(dtostrf.o)
 .bss           0x000000000080016c        0x0 /usr/lib/gcc/avr/9.2.0/../../../../avr/lib/avr5/libc.a(malloc.o)
 .bss           0x000000000080016c        0x0 /usr/lib/gcc/avr/9.2.0/../../../../avr/lib/avr5/libc.a(sprintf.o)
 .bss           0x000000000080016c        0x0 /usr/lib/gcc/avr/9.2.0/../../../../avr/lib/avr5/libc.a(vfprintf_std.o)
 .bss           0x000000000080016c        0x0 /usr/lib/gcc/avr/9.2.0/../../../../avr/lib/avr5/libc.a(dtoa_prf.o)
 .bss           0x000000000080016c        0x0 /usr/lib/gcc/avr/9.2.0/../../../../avr/lib/avr5/libc.a(ftoa_engine.o)
 .bss           0x000000000080016c        0x0 /usr/lib/gcc/avr/9.2.0/../../../../avr/lib/avr5/libc.a(strnlen_P.o)
 .bss           0x000000000080016c        0x0 /usr/lib/gcc/avr/9.2.0/../../../../avr/lib/avr5/libc.a(strnlen.o)
 .bss           0x000000000080016c        0x0 /usr/lib/gcc/avr/9.2.0/../../../../avr/lib/avr5/libc.a(fputc.o)
 .bss           0x000000000080016c        0x0 /usr/lib/gcc/avr/9.2.0/../../../../avr/lib/avr5/libc.a(ultoa_invert.o)
 .bss           0x000000000080016c        0x0 /usr/lib/gcc/avr/9.2.0/avr5/libgcc.a(_prologue.o)
 .bss           0x000000000080016c        0x0 /usr/lib/gcc/avr/9.2.0/avr5/libgcc.a(_epilogue.o)
 *(.bss*)
 *(COMMON)
 COMMON         0x000000000080016c        0x4 /usr/lib/gcc/avr/9.2.0/../../../../avr/lib/avr5/libc.a(malloc.o)
                0x000000000080016c                __brkval
                0x000000000080016e                __flp
                0x0000000000800170                PROVIDE (__bss_end = .)
                0x0000000000002b4c                __data_load_start = LOADADDR (.data)
                0x0000000000002bb0                __data_load_end = (__data_load_start + SIZEOF (.data))

.noinit         0x0000000000800170        0x0
                [!provide]                        PROVIDE (__noinit_start = .)
 *(.noinit*)
                [!provide]                        PROVIDE (__noinit_end = .)
                0x0000000000800170                _end = .
                0x0000000000800170                PROVIDE (__heap_start = .)

.eeprom         0x0000000000810000        0x0
 *(.eeprom*)
                0x0000000000810000                __eeprom_end = .

.fuse
 *(.fuse)
 *(.lfuse)
 *(.hfuse)
 *(.efuse)

.lock
 *(.lock*)

.signature
 *(.signature*)

.stab           0x0000000000000000     0x7770
 *(.stab)
 .stab          0x0000000000000000      0xa5c main.o
 .stab          0x0000000000000a5c      0xe7c ../../lib/libstat.a(Detection.o)
                                        0xe88 (size before relaxing)
 .stab          0x00000000000018d8      0x780 ../../lib/libstat.a(Del.o)
                                        0x78c (size before relaxing)
 .stab          0x0000000000002058      0x7bc ../../lib/libstat.a(Pwm.o)
                                        0x7c8 (size before relaxing)
 .stab          0x0000000000002814     0x174c ../../lib/libstat.a(Manoeuvre.o)
                                       0x1758 (size before relaxing)
 .stab          0x0000000000003f60     0x1374 ../../lib/libstat.a(lcm_so1602dtr_m_fw.o)
                                       0x1380 (size before relaxing)
 .stab          0x00000000000052d4      0xc84 ../../lib/libstat.a(lcm_so1602dtr_m.o)
                                        0xc90 (size before relaxing)
 .stab          0x0000000000005f58      0x81c ../../lib/libstat.a(Afficheur7segment.o)
                                        0x828 (size before relaxing)
 .stab          0x0000000000006774      0x744 ../../lib/libstat.a(customprocs.o)
                                        0x750 (size before relaxing)
 .stab          0x0000000000006eb8       0xe4 /usr/lib/gcc/avr/9.2.0/avr5/libgcc.a(_udivmodqi4.o)
                                         0xf0 (size before relaxing)
 .stab          0x0000000000006f9c      0x15c /usr/lib/gcc/avr/9.2.0/avr5/libgcc.a(_udivmodhi4.o)
                                        0x168 (size before relaxing)
 .stab          0x00000000000070f8      0x138 /usr/lib/gcc/avr/9.2.0/avr5/libgcc.a(_divmodhi4.o)
                                        0x144 (size before relaxing)
 .stab          0x0000000000007230       0x6c /usr/lib/gcc/avr/9.2.0/avr5/libgcc.a(_exit.o)
                                         0x78 (size before relaxing)
 .stab          0x000000000000729c       0xd8 /usr/lib/gcc/avr/9.2.0/avr5/libgcc.a(_copy_data.o)
                                         0xe4 (size before relaxing)
 .stab          0x0000000000007374       0xb4 /usr/lib/gcc/avr/9.2.0/avr5/libgcc.a(_clear_bss.o)
                                         0xc0 (size before relaxing)
 .stab          0x0000000000007428      0x1a4 /usr/lib/gcc/avr/9.2.0/avr5/libgcc.a(_prologue.o)
                                        0x1b0 (size before relaxing)
 .stab          0x00000000000075cc      0x1a4 /usr/lib/gcc/avr/9.2.0/avr5/libgcc.a(_epilogue.o)
                                        0x1b0 (size before relaxing)

.stabstr        0x0000000000000000     0x6673
 *(.stabstr)
 .stabstr       0x0000000000000000     0x6673 main.o

.stab.excl
 *(.stab.excl)

.stab.exclstr
 *(.stab.exclstr)

.stab.index
 *(.stab.index)

.stab.indexstr
 *(.stab.indexstr)

.comment        0x0000000000000000       0x42
 *(.comment)
 .comment       0x0000000000000000       0x21 main.o
                                         0x22 (size before relaxing)
 .comment       0x0000000000000021       0x22 ../../lib/libstat.a(Detection.o)
 .comment       0x0000000000000021       0x22 ../../lib/libstat.a(Del.o)
 .comment       0x0000000000000021       0x22 ../../lib/libstat.a(Pwm.o)
 .comment       0x0000000000000021       0x22 ../../lib/libstat.a(Manoeuvre.o)
 .comment       0x0000000000000021       0x22 ../../lib/libstat.a(lcm_so1602dtr_m_fw.o)
 .comment       0x0000000000000021       0x22 ../../lib/libstat.a(lcm_so1602dtr_m.o)
 .comment       0x0000000000000021       0x22 ../../lib/libstat.a(Afficheur7segment.o)
 .comment       0x0000000000000021       0x22 ../../lib/libstat.a(customprocs.o)
 .comment       0x0000000000000021       0x21 /usr/lib/gcc/avr/9.2.0/../../../../avr/lib/avr5/libc.a(dtostrf.o)
                                         0x22 (size before relaxing)
 .comment       0x0000000000000042       0x22 /usr/lib/gcc/avr/9.2.0/../../../../avr/lib/avr5/libc.a(malloc.o)
 .comment       0x0000000000000042       0x22 /usr/lib/gcc/avr/9.2.0/../../../../avr/lib/avr5/libc.a(sprintf.o)
 .comment       0x0000000000000042       0x22 /usr/lib/gcc/avr/9.2.0/../../../../avr/lib/avr5/libc.a(vfprintf_std.o)
 .comment       0x0000000000000042       0x22 /usr/lib/gcc/avr/9.2.0/../../../../avr/lib/avr5/libc.a(dtoa_prf.o)
 .comment       0x0000000000000042       0x22 /usr/lib/gcc/avr/9.2.0/../../../../avr/lib/avr5/libc.a(fputc.o)

.note.gnu.avr.deviceinfo
                0x0000000000000000       0x40
 .note.gnu.avr.deviceinfo
                0x0000000000000000       0x40 /usr/lib/gcc/avr/9.2.0/../../../../avr/lib/avr5/crtatmega324pa.o

.note.gnu.build-id
 *(.note.gnu.build-id)

.debug
 *(.debug)

.line
 *(.line)

.debug_srcinfo
 *(.debug_srcinfo)

.debug_sfnames
 *(.debug_sfnames)

.debug_aranges
 *(.debug_aranges)

.debug_pubnames
 *(.debug_pubnames)

.debug_info     0x0000000000000000      0x6cc
 *(.debug_info .gnu.linkonce.wi.*)
 .debug_info    0x0000000000000000      0x6cc /usr/lib/gcc/avr/9.2.0/../../../../avr/lib/avr5/crtatmega324pa.o

.debug_abbrev   0x0000000000000000      0x66e
 *(.debug_abbrev)
 .debug_abbrev  0x0000000000000000      0x66e /usr/lib/gcc/avr/9.2.0/../../../../avr/lib/avr5/crtatmega324pa.o

.debug_line     0x0000000000000000       0x1d
 *(.debug_line .debug_line.* .debug_line_end)
 .debug_line    0x0000000000000000       0x1d /usr/lib/gcc/avr/9.2.0/../../../../avr/lib/avr5/crtatmega324pa.o

.debug_frame
 *(.debug_frame)

.debug_str      0x0000000000000000      0x255
 *(.debug_str)
 .debug_str     0x0000000000000000      0x255 /usr/lib/gcc/avr/9.2.0/../../../../avr/lib/avr5/crtatmega324pa.o

.debug_loc
 *(.debug_loc)

.debug_macinfo
 *(.debug_macinfo)

.debug_weaknames
 *(.debug_weaknames)

.debug_funcnames
 *(.debug_funcnames)

.debug_typenames
 *(.debug_typenames)

.debug_varnames
 *(.debug_varnames)

.debug_pubtypes
 *(.debug_pubtypes)

.debug_ranges
 *(.debug_ranges)

.debug_macro
 *(.debug_macro)

.debug_addr
 *(.debug_addr)
OUTPUT(ProjetFinal.elf elf32-avr)
LOAD linker stubs
